Mon May 18 2020 15:28:10 GMT-0400 (Eastern Daylight Time)

FAILURE, OOPS

Mon May 18 2020 15:23:19 GMT-0400 (Eastern Daylight Time)

FAILURE, OOPS
